{
    "sim_b37_v1_ddx3x": {
        "content": [
            {
                "0": [
                    "enrichment_results.tsv:md5,2e594c455642cf94a75710e9f2f90a51"
                ]
            }
        ],
        "timestamp": "2023-07-24T17:37:42+0000"
    }
}